




Router con0 is now available






Press RETURN to get started.













Router>en
Router#conf t
Enter configuration commands, one per line.  End with CNTL/Z.
Router(config)#int gi0/0.3
Router(config-subif)#encapsulation dot1Q 3
Router(config-subif)#ip ad 192.168.3.254 255.255.255.0
Router(config-subif)#encapsulation
% Incomplete command.
Router(config-subif)#int gi0/0.4
Router(config-subif)#enc
Router(config-subif)#encapsulation dot1Q 4
Router(config-subif)#ip ad 192.168.4.254 255.255.255.0
Router(config-subif)#enc
Router(config-subif)#encapsulation 
% Incomplete command.
Router(config-subif)#exit
Router(config)#ip dhcp pool DIR1
Router(config)#ip dhcp pool DIR1
Router(config)#ip dhcp pool DIR1
Router(dhcp-config)#memnetwork 192.168.2.0 255.255.255.0
Router(dhcp-config)#default
Router(dhcp-config)#
Router(dhcp-config)#end
Router#configure terminal
Enter configuration commands, one per line.  End with CNTL/Z.
Router(config)#interface GigabitEthernet0/0
Router(config-if)#
%SYS-5-CONFIG_I: Configured from console by console
no shutdown
Router(config-if)#
%LINK-5-CHANGED: Interface GigabitEthernet0/0, changed state to up

%LINEPROTO-5-UPDOWN: Line protocol on Interface GigabitEthernet0/0, changed state to up

%LINK-5-CHANGED: Interface GigabitEthernet0/0.2, changed state to up

%LINEPROTO-5-UPDOWN: Line protocol on Interface GigabitEthernet0/0.2, changed state to up

%LINK-5-CHANGED: Interface GigabitEthernet0/0.3, changed state to up

%LINEPROTO-5-UPDOWN: Line protocol on Interface GigabitEthernet0/0.3, changed state to up

%LINK-5-CHANGED: Interface GigabitEthernet0/0.4, changed state to up

%LINEPROTO-5-UPDOWN: Line protocol on Interface GigabitEthernet0/0.4, changed state to up

Router(config-if)#exit
Router(config)#interface GigabitEthernet0/1
Router(config-if)#no shutdown
Router(config-if)#
%LINK-5-CHANGED: Interface GigabitEthernet0/1, changed state to network 192.168.ip dhcp pool DIR1ip dhnetwork 192.168.2.0 255.255.255.0network 192.168.2.0 2network 192.168.ip dhcp pool DIR1ipidefault roo
                            ^
% Invalid input detected at '^' marker.
	
Router(dhcp-config)#default-router 192.168.2.254
Router(dhcp-config)#dns-server
% Incomplete command.
Router(dhcp-config)#dns-server 8.8.8.8
Router(network 192.168.ip dhcp pool DIR1ip dhnetwork 192.168.2.0 255.255.255.0network 192.168.3.0 255.25default-router 192.168.2.254default-router 1netwodefault-rodns-server 8.8.8.8dns-senetwork 192.168dns-snetwork 192.168.ip dhcp pool DIR2ip dhnetwork 192.168.3.0 255.255.255.0network 192.168.4.0 255.25default-router 192.168.3.254default-router 1network 192.168dns-server 8.8.8.8dns-senetwork 192.168.ip dhcp pool exitexit
Router(config)#








Router con0 is now available






Press RETURN to get started.













Press RETURN to get started!



Router>enable
Router#
Router#configure terminal
Enter configuration commands, one per line.  End with CNTL/Z.
Router(config)#interface GigabitEthernet0/1
Router(config-if)#
Router(config-if)#exit
Router(config)#router rip
Router(config-router)#
Router(config-router)#end
Router#vlan database
% Warning: It is recommended to configure VLAN from config mode,
  as VLAN database mode is being deprecated. Please consult user
  documentation for configuring VTP/VLAN in config mode.

Router(vlan)#
%SYS-5-CONFIG_I: Configured from console by console
vlan 12 name generak
VLAN 12 modified:
    Name: generak
Router(vlan)#
Router(vlan)#exit
APPLY completed.
Exiting....
Router#configure terminal
Enter configuration commands, one per line.  End with CNTL/Z.
Router(config)#interface GigabitEthernet0/0
Router(config-if)#
Router(config-if)#exit
Router(config)#interface GigabitEthernet0/1
Router(config-if)#
Router(config-if)#exit
Router(config)#interface GigabitEthernet0/1
Router(config-if)#
Router(config-if)#exit
Router(config)#interface GigabitEthernet0/0
Router(config-if)#
Router(config-if)#exit
Router(config)#interface GigabitEthernet0/0
Router(config-if)#
Router(config-if)#end
Router#vlan database
% Warning: It is recommended to configure VLAN from config mode,
  as VLAN database mode is being deprecated. Please consult user
  documentation for configuring VTP/VLAN in config mode.

Router(vlan)#
%SYS-5-CONFIG_I: Configured from console by console

Router(vlan)#exit
APPLY completed.
Exiting....
Router#vlan database
% Warning: It is recommended to configure VLAN from config mode,
  as VLAN database mode is being deprecated. Please consult user
  documentation for configuring VTP/VLAN in config mode.

Router(vlan)#
Router(vlan)#exit
APPLY completed.
Exiting....
Router#vlan database
% Warning: It is recommended to configure VLAN from config mode,
  as VLAN database mode is being deprecated. Please consult user
  documentation for configuring VTP/VLAN in config mode.

Router(vlan)#
Router(vlan)#ip dhcp pool DIR4
             ^
% Invalid input detected at '^' marker.
	
Router(vlan)#int gi0/0.5
             ^
% Invalid input detected at '^' marker.
	
Router(vlan)#enc
Router(vlan)#enc
Router(vlan)#exit
APPLY completed.
Exiting....
Route
#

